live main = 1f3e769616fdf9f31f85f4c3e6a9f71606634238
$ fm-coord.sh init 
$ fm-coord.sh enroll {"request_id":"e","home_id":"a","repos":["kunchenguid/firstmate"]}
$ fm-coord.sh session {"request_id":"s","home_id":"a"}
$ fm-coord.sh manifest-set {"request_id":"m","repo":"kunchenguid/firstmate","base":"main","checks":["CI"]}

=== L1 adversarial: merged PR 6443 recorded with WRONG head must not settle ===
$ fm-coord.sh submit {"request_id":"sub-wronghead","intent_id":"wronghead","home_id":"a","generation":1,"repo":"kunchenguid/firstmate","base":"main","base_oid":"00000000000000000000
$ fm-coord.sh claim {"request_id":"cl-wronghead","intent_id":"wronghead","home_id":"a","generation":1,"version":1}
$ fm-coord.sh attach-pr {"request_id":"pr-wronghead","intent_id":"wronghead","home_id":"a","generation":1,"claim_id":"d8750f89-545b-4963-a922-812bb0487f40","fence":1,"pr_url":"https://
$ fm-coord.sh publish-head {"request_id":"h-wronghead","intent_id":"wronghead","home_id":"a","generation":1,"claim_id":"d8750f89-545b-4963-a922-812bb0487f40","fence":1,"head_oid":"aaaaaaa
$ fm-coord.sh queue-ready {"request_id":"r-wronghead","intent_id":"wronghead","home_id":"a","generation":1,"claim_id":"d8750f89-545b-4963-a922-812bb0487f40","fence":1,"head_oid":"aaaaaaa
$ fm-coord.sh queue-next {"request_id":"n-wronghead","repo":"kunchenguid/firstmate","base":"main"}
queue-next -> {"event_id":"7d72244f-46e1-4886-aa56-3d98aa17ac73","generation":1,"intent_id":"wronghead","ok":true,"state":"syncing"}
$ fm-coord.sh queue-synced {"request_id":"sy-wronghead","intent_id":"wronghead","home_id":"a","generation":1,"claim_id":"d8750f89-545b-4963-a922-812bb0487f40","fence":1,"slot_generation":
{"event_id":"fa46ce17-0c0e-42f6-bdc2-118d2084fa62","ok":true,"state":"validating"}

$ fm-coord.sh queue-validated {"request_id":"v-wronghead","intent_id":"wronghead","home_id":"a","generation":1,"claim_id":"d8750f89-545b-4963-a922-812bb0487f40","fence":1,"slot_generation":1
{"event_id":"c589d97b-f7a8-4993-8604-25b0ec5ce12a","ok":true,"state":"awaiting-checks"}

$ fm-coord.sh queue-checks {"request_id":"ck-wronghead","intent_id":"wronghead","home_id":"a","generation":1,"claim_id":"d8750f89-545b-4963-a922-812bb0487f40","fence":1,"slot_generation":
{"event_id":"7f8286ec-b393-43f4-97e5-fc831c7f5b96","manifest_version":1,"ok":true,"state":"awaiting-checks"}

$ fm-coord.sh queue-attempt {"request_id":"at-wronghead","intent_id":"wronghead","home_id":"a","generation":1,"claim_id":"d8750f89-545b-4963-a922-812bb0487f40","fence":1,"slot_generation":
{"attempt_event_id":"55b390ca-f74a-4f33-8611-319ae7939ea1","event_id":"55b390ca-f74a-4f33-8611-319ae7939ea1","merge_command":["bin/fm-pr-merge.sh","wronghead","https://github.com/kunchenguid/firstmate/pull/6443"],"ok":true,"state":"attempting"}

$ fm-coord.sh queue-result {"request_id":"res-wronghead","intent_id":"wronghead","generation":1,"outcome":"unknown"}
{"event_id":"d0042cf4-f136-4ad3-97bd-94ade6befa57","ok":true,"state":"outcome-unknown"}

fm-coord: live forge read must prove the exact head landed
 [exit=1]
$ fm-coord.sh inspect {}
slots: [('wronghead', 'outcome-unknown')]
queue: [('wronghead', 'outcome-unknown')]
$ fm-coord.sh queue-operator-abort {"request_id":"oa-wrong","intent_id":"wronghead","generation":1,"operator":"live-test","reason":"wrong head fixture"}
{"event_id":"392bfbda-f8ce-436d-901c-0f62727c45fa","ok":true,"state":"repair-needed"}

$ fm-coord.sh inspect {}
slots: []
queue: [('wronghead', 'repair-needed')]

=== L2: merged PR 6443 at exact head: live forge read settles merged and frees slot ===
$ fm-coord.sh submit {"request_id":"sub-landed","intent_id":"landed","home_id":"a","generation":1,"repo":"kunchenguid/firstmate","base":"main","base_oid":"00000000000000000000000000
$ fm-coord.sh claim {"request_id":"cl-landed","intent_id":"landed","home_id":"a","generation":1,"version":1}
$ fm-coord.sh attach-pr {"request_id":"pr-landed","intent_id":"landed","home_id":"a","generation":1,"claim_id":"7f696bb6-73f4-462f-8db3-472eebb6aacc","fence":2,"pr_url":"https://github
$ fm-coord.sh publish-head {"request_id":"h-landed","intent_id":"landed","home_id":"a","generation":1,"claim_id":"7f696bb6-73f4-462f-8db3-472eebb6aacc","fence":2,"head_oid":"f73bc9456dd90
$ fm-coord.sh queue-ready {"request_id":"r-landed","intent_id":"landed","home_id":"a","generation":1,"claim_id":"7f696bb6-73f4-462f-8db3-472eebb6aacc","fence":2,"head_oid":"f73bc9456dd90
$ fm-coord.sh queue-next {"request_id":"n-landed","repo":"kunchenguid/firstmate","base":"main"}
queue-next -> {"event_id":"d9dd9635-da41-4988-ba04-77575ddd82a6","generation":2,"intent_id":"landed","ok":true,"state":"syncing"}
$ fm-coord.sh queue-synced {"request_id":"sy-landed","intent_id":"landed","home_id":"a","generation":1,"claim_id":"7f696bb6-73f4-462f-8db3-472eebb6aacc","fence":2,"slot_generation":2,"cur
{"event_id":"f65af0a4-a7be-488f-bf52-edf4296c21b4","ok":true,"state":"validating"}

$ fm-coord.sh queue-validated {"request_id":"v-landed","intent_id":"landed","home_id":"a","generation":1,"claim_id":"7f696bb6-73f4-462f-8db3-472eebb6aacc","fence":2,"slot_generation":2,"curr
{"event_id":"c2fee665-c548-4ec1-ba19-1fa50a2ced34","ok":true,"state":"awaiting-checks"}

$ fm-coord.sh queue-checks {"request_id":"ck-landed","intent_id":"landed","home_id":"a","generation":1,"claim_id":"7f696bb6-73f4-462f-8db3-472eebb6aacc","fence":2,"slot_generation":2,"cur
{"event_id":"d98242c0-eaef-4d07-b8e2-9f5087e68534","manifest_version":1,"ok":true,"state":"awaiting-checks"}

$ fm-coord.sh queue-attempt {"request_id":"at-landed","intent_id":"landed","home_id":"a","generation":1,"claim_id":"7f696bb6-73f4-462f-8db3-472eebb6aacc","fence":2,"slot_generation":2,"cur
{"attempt_event_id":"b6466abf-4b05-48d5-b5f1-feaa6ac1c417","event_id":"b6466abf-4b05-48d5-b5f1-feaa6ac1c417","merge_command":["bin/fm-pr-merge.sh","landed","https://github.com/kunchenguid/firstmate/pull/6443"],"ok":true,"state":"attempting"}

$ fm-coord.sh queue-result {"request_id":"res-landed","intent_id":"landed","generation":2,"outcome":"unknown"}
{"event_id":"99e754f4-5289-41e1-8438-187ed60a0522","ok":true,"state":"outcome-unknown"}

$ fm-coord.sh queue-reconcile {"request_id":"rc-landed","intent_id":"landed","generation":2,"pr_url":"https://github.com/kunchenguid/firstmate/pull/6443","base":"main","head_oid":"f73bc9456d
{"attempt_event_id":"b6466abf-4b05-48d5-b5f1-feaa6ac1c417","event_id":"4160511e-5bdb-425e-a54d-d715faa6683f","ok":true,"state":"merged"}
 [exit=0]
$ fm-coord.sh inspect {}
slots: []
queue: [('wronghead', 'repair-needed'), ('landed', 'merged')]

=== L3: open PR 6490, wrapper still alive: must stay outcome-unknown ===
$ fm-coord.sh submit {"request_id":"sub-open","intent_id":"open","home_id":"a","generation":1,"repo":"kunchenguid/firstmate","base":"main","base_oid":"1f3e769616fdf9f31f85f4c3e6a9f7
$ fm-coord.sh claim {"request_id":"cl-open","intent_id":"open","home_id":"a","generation":1,"version":1}
$ fm-coord.sh attach-pr {"request_id":"pr-open","intent_id":"open","home_id":"a","generation":1,"claim_id":"e28fb8ec-f32f-4e7c-b278-2067f4b023cc","fence":3,"pr_url":"https://github.com
$ fm-coord.sh publish-head {"request_id":"h-open","intent_id":"open","home_id":"a","generation":1,"claim_id":"e28fb8ec-f32f-4e7c-b278-2067f4b023cc","fence":3,"head_oid":"d0d608fb2d0a75908
$ fm-coord.sh queue-ready {"request_id":"r-open","intent_id":"open","home_id":"a","generation":1,"claim_id":"e28fb8ec-f32f-4e7c-b278-2067f4b023cc","fence":3,"head_oid":"d0d608fb2d0a75908
$ fm-coord.sh queue-next {"request_id":"n-open","repo":"kunchenguid/firstmate","base":"main"}
queue-next -> {"event_id":"0ec2a1f0-4182-424b-b011-4db7a63b5c9d","generation":3,"intent_id":"open","ok":true,"state":"syncing"}
$ fm-coord.sh queue-synced {"request_id":"sy-open","intent_id":"open","home_id":"a","generation":1,"claim_id":"e28fb8ec-f32f-4e7c-b278-2067f4b023cc","fence":3,"slot_generation":3,"current
{"event_id":"384468ad-4603-47a4-b4b4-5f96135ae90f","ok":true,"state":"validating"}

$ fm-coord.sh queue-validated {"request_id":"v-open","intent_id":"open","home_id":"a","generation":1,"claim_id":"e28fb8ec-f32f-4e7c-b278-2067f4b023cc","fence":3,"slot_generation":3,"current_
{"event_id":"4a17941a-4f48-436b-8f29-9660bf2b7e3d","ok":true,"state":"awaiting-checks"}

$ fm-coord.sh queue-checks {"request_id":"ck-open","intent_id":"open","home_id":"a","generation":1,"claim_id":"e28fb8ec-f32f-4e7c-b278-2067f4b023cc","fence":3,"slot_generation":3,"current
{"event_id":"be9ecf99-92c8-41d9-93e5-8b604383aa68","manifest_version":1,"ok":true,"state":"awaiting-checks"}

$ fm-coord.sh queue-attempt {"request_id":"at-open","intent_id":"open","home_id":"a","generation":1,"claim_id":"e28fb8ec-f32f-4e7c-b278-2067f4b023cc","fence":3,"slot_generation":3,"current
{"attempt_event_id":"34af51b2-f758-48bd-9d8a-22be460bd140","event_id":"34af51b2-f758-48bd-9d8a-22be460bd140","merge_command":["bin/fm-pr-merge.sh","open","https://github.com/kunchenguid/firstmate/pull/6490"],"ok":true,"state":"attempting"}

$ fm-coord.sh queue-result {"request_id":"res-open","intent_id":"open","generation":3,"outcome":"unknown"}
{"event_id":"5884ae17-af81-4cf8-adbf-1d6ee1ece4fa","ok":true,"state":"outcome-unknown"}

fm-coord: merge wrapper is not proven to have exited after the quiet period
 [exit=1]
$ fm-coord.sh inspect {}
slots: [('open', 'outcome-unknown')]
queue: [('wronghead', 'repair-needed'), ('landed', 'merged'), ('open', 'outcome-unknown')]

=== L4: wrapper exited but default 10-minute quiet period not elapsed: stays unknown ===
fm-coord: merge wrapper is not proven to have exited after the quiet period
 [exit=1]
$ fm-coord.sh inspect {}
slots: [('open', 'outcome-unknown')]
queue: [('wronghead', 'repair-needed'), ('landed', 'merged'), ('open', 'outcome-unknown')]

=== L5: wrapper gone + quiet period (seam=0): live read proves not landed -> refused, slot freed ===
$ fm-coord.sh queue-reconcile {"request_id":"rc-unlanded","intent_id":"open","generation":3,"pr_url":"https://github.com/kunchenguid/firstmate/pull/6490","base":"main","head_oid":"d0d608fb2d
{"attempt_event_id":"34af51b2-f758-48bd-9d8a-22be460bd140","event_id":"9d4c03e2-2008-4721-a5f1-2e6708e83b5d","ok":true,"state":"refused"}
 [exit=0]
$ fm-coord.sh inspect {}
slots: []
queue: [('wronghead', 'repair-needed'), ('landed', 'merged'), ('open', 'refused')]

=== L6: replay (gh-axi shim always fails = forge unreachable); of rc-unlanded with forge unreachable returns stored receipt ===
{"attempt_event_id":"34af51b2-f758-48bd-9d8a-22be460bd140","event_id":"9d4c03e2-2008-4721-a5f1-2e6708e83b5d","ok":true,"state":"refused"}
 [exit=0]

=== outbox event types ===
$ fm-coord.sh outbox {"limit":1000}
['participant-enrolled', 'session-started', 'check-manifest-set', 'intent-submitted', 'claim-granted', 'pr-attached', 'head-published', 'queue-ready', 'sync-requested', 'sync-completed', 'validation-passed', 'checks-passed', 'merge-attempted', 'merge-outcome-unknown', 'slot-operator-aborted', 'intent-submitted', 'claim-granted', 'pr-attached', 'head-published', 'queue-ready', 'sync-requested', 'sync-completed', 'validation-passed', 'checks-passed', 'merge-attempted', 'merge-outcome-unknown', 'merge-merged', 'intent-submitted', 'claim-granted', 'pr-attached', 'head-published', 'queue-ready', 'sync-requested', 'sync-completed', 'validation-passed', 'checks-passed', 'merge-attempted', 'merge-outcome-unknown', 'merge-refused']
